.package1 {
  background: green; }

/*# sourceMappingURL=package1.css.map */
