.package2 {
  background: black; }

/*# sourceMappingURL=package2.css.map */
