<!DOCTYPE html>
<html>
  <head>
    <meta charset="utf-8">
    <meta http-equiv="X-UA-Compatible" content="IE=edge">
    <title>Dummy</title>
    <meta name="description" content="">
    <meta name="viewport" content="width=device-width, initial-scale=1">

    
<meta name="dummy/config/environment" content="%7B%22modulePrefix%22%3A%22dummy%22%2C%22environment%22%3A%22production%22%2C%22baseURL%22%3A%22/%22%2C%22locationType%22%3A%22hash%22%2C%22EmberENV%22%3A%7B%22FEATURES%22%3A%7B%7D%7D%2C%22APP%22%3A%7B%7D%2C%22exportApplicationGlobal%22%3Afalse%7D" />

    <link rel="stylesheet" href="assets/vendor-d41d8cd98f00b204e9800998ecf8427e.css" integrity="sha256-47DEQpj8HBSa+/TImW+5JCeuQeRkm5NMpJWZG3hSuFU= sha512-z4PhNX7vuL3xVChQ1m2AB9Yg5AULVxXcg/SpIdNs6c5H0NE8XYXysP+DGNKHfuwvY7kxvUdBeoGlODJ6+SfaPg==" >
    <link rel="stylesheet" href="assets/dummy-c4c78eea4e6f5b094e485f4a22d59d94.css" integrity="sha256-QOkiEITKLzg7TaJJjKYQFuuNLUweo1S449Tabpv6zIM= sha512-j2F7RkbcH2g93PCDkpTDPB3utBUxMdjwKJU66oVLillmmEwu6NzKVyuR0g+Ul+1nOfbXhz+7IVtagZFUHtx/JA==" >

    
  </head>
  <body>
    

    <script src="assets/vendor-b4b443ce198aed28c224163bf5d0b6db.js" integrity="sha256-QtnWCalzF/+T/M/UbJcMToy6ZrNNKWhfjLG2/IDPPc0= sha512-nBu1NnVxh4cDt1UHdItx4M4CPYQwrDua6YEhomLWpLGh/X+lux6cu9xEtC4P09h85sxhGSVKrCfCMqmzj6GkXg==" ></script>
    <script src="assets/dummy-6605c2fa6fd7aa29943e03fc72759804.js" integrity="sha256-9RjIlSGfcH4DYfW8+DpJOyvO8nrLtto/51K0THvaHlY= sha512-GpJDjqdSka+xCCLh7jR6G4Hqhx9SwXHJC268w6c5crlZ0U4FK93LoPdfK3I/uZ1NMtTxJHbUKEGg0ffzBtv1vw==" ></script>

    
  </body>
</html>
